node : node:internal/modules/cjs/loader:1228
At line:1 char:1
+ node test_logic.js > test_output.txt 2>&1; Get-Content test_output.tx ...
+ ~~~~~~~~~~~~~~~~~~~~~~~~~~~~~~~~~~~~~~~~~
    + CategoryInfo          : NotSpecified: (node:internal/modules/cjs/load 
   er:1228:String) [], RemoteException
    + FullyQualifiedErrorId : NativeCommandError
 
  throw err;
  ^

Error: Cannot find module 'D:\Manager Finansow\backend\test_logic.js'
    at Module._resolveFilename (node:internal/modules/cjs/loader:1225:15)
    at Module._load (node:internal/modules/cjs/loader:1051:27)
    at Function.executeUserEntryPoint [as runMain] (node:internal/modules/ru
n_main:174:12)
    at node:internal/main/run_main_module:28:49 {
  code: 'MODULE_NOT_FOUND',
  requireStack: []
}

Node.js v20.17.0
